[0.000000] (-) TimerEvent: {}
[0.000201] (-) JobUnselected: {'identifier': 'cpp_parameters'}
[0.000245] (-) JobUnselected: {'identifier': 'cpp_proj'}
[0.000270] (-) JobUnselected: {'identifier': 'cpp_pubsub'}
[0.000292] (-) JobUnselected: {'identifier': 'cpp_srvcli'}
[0.000313] (-) JobUnselected: {'identifier': 'custom_interfaces'}
[0.000333] (-) JobUnselected: {'identifier': 'more_interfaces'}
[0.000352] (-) JobUnselected: {'identifier': 'my_package'}
[0.000376] (-) JobUnselected: {'identifier': 'polygon_base'}
[0.000399] (-) JobUnselected: {'identifier': 'polygon_plugins'}
[0.000559] (-) JobUnselected: {'identifier': 'py_proj'}
[0.000584] (-) JobUnselected: {'identifier': 'tutorial_interfaces'}
[0.000608] (cpp_parsing) JobQueued: {'identifier': 'cpp_parsing', 'dependencies': OrderedDict([('custom_interfaces', '/home/sunny/ros2_ws/install/custom_interfaces')])}
[0.000634] (cpp_parsing) JobStarted: {'identifier': 'cpp_parsing'}
[0.010062] (cpp_parsing) JobProgress: {'identifier': 'cpp_parsing', 'progress': 'cmake'}
[0.010568] (cpp_parsing) JobProgress: {'identifier': 'cpp_parsing', 'progress': 'build'}
[0.011201] (cpp_parsing) Command: {'cmd': ['/usr/bin/cmake', '--build', '/home/sunny/ros2_ws/build/cpp_parsing', '--', '-j12', '-l12'], 'cwd': '/home/sunny/ros2_ws/build/cpp_parsing', 'env': OrderedDict([('LESSOPEN', '| /usr/bin/lesspipe %s'), ('USER', 'sunny'), ('LC_TIME', 'ko_KR.UTF-8'), ('XDG_SESSION_TYPE', 'wayland'), ('GIT_ASKPASS', '/usr/share/code/resources/app/extensions/git/dist/askpass.sh'), ('SHLVL', '2'), ('LD_LIBRARY_PATH', '/home/sunny/ros2_ws/install/custom_interfaces/lib:/home/sunny/ros2_ws/install/tutorial_interfaces/lib:/home/sunny/ros2_ws/install/turtlesim/lib:/home/sunny/ros2_ws/install/polygon_plugins/lib:/home/sunny/ros2_ws/install/more_interfaces/lib:/opt/ros/humble/opt/rviz_ogre_vendor/lib:/opt/ros/humble/lib/x86_64-linux-gnu:/opt/ros/humble/lib'), ('HOME', '/home/sunny'), ('CHROME_DESKTOP', 'code-url-handler.desktop'), ('TERM_PROGRAM_VERSION', '1.91.1'), ('DESKTOP_SESSION', 'ubuntu'), ('ROS_PYTHON_VERSION', '3'), ('GNOME_SHELL_SESSION_MODE', 'ubuntu'), ('GTK_MODULES', 'gail:atk-bridge'), ('VSCODE_GIT_ASKPASS_MAIN', '/usr/share/code/resources/app/extensions/git/dist/askpass-main.js'), ('LC_MONETARY', 'ko_KR.UTF-8'), ('VSCODE_GIT_ASKPASS_NODE', '/usr/share/code/code'), ('SYSTEMD_EXEC_PID', '2335'), ('DBUS_SESSION_BUS_ADDRESS', 'unix:path=/run/user/1000/bus'), ('COLORTERM', 'truecolor'), ('IM_CONFIG_PHASE', '1'), ('WAYLAND_DISPLAY', 'wayland-0'), ('COLCON_PREFIX_PATH', '/home/sunny/ros2_ws/install'), ('ROS_DISTRO', 'humble'), ('LOGNAME', 'sunny'), ('_', '/usr/bin/colcon'), ('ROS_VERSION', '2'), ('XDG_SESSION_CLASS', 'user'), ('USERNAME', 'sunny'), ('TERM', 'xterm-256color'), ('GNOME_DESKTOP_SESSION_ID', 'this-is-deprecated'), ('ROS_LOCALHOST_ONLY', '0'), ('PATH', '/opt/ros/humble/bin:/usr/local/sbin:/usr/local/bin:/usr/sbin:/usr/bin:/sbin:/bin:/usr/games:/usr/local/games:/snap/bin:/snap/bin'), ('SESSION_MANAGER', 'local/sunny-Swift-SFX14-41G:@/tmp/.ICE-unix/1532,unix/sunny-Swift-SFX14-41G:/tmp/.ICE-unix/1532'), ('XDG_MENU_PREFIX', 'gnome-'), ('LC_ADDRESS', 'ko_KR.UTF-8'), ('GNOME_TERMINAL_SCREEN', '/org/gnome/Terminal/screen/19506c5c_26e7_4221_a3c0_1c8c802b5160'), ('GNOME_SETUP_DISPLAY', ':1'), ('XDG_RUNTIME_DIR', '/run/user/1000'), ('GDK_BACKEND', 'x11'), ('DISPLAY', ':0'), ('LANG', 'en_US.UTF-8'), ('XDG_CURRENT_DESKTOP', 'Unity'), ('LC_TELEPHONE', 'ko_KR.UTF-8'), ('XMODIFIERS', '@im=ibus'), ('XDG_SESSION_DESKTOP', 'ubuntu'), ('XAUTHORITY', '/run/user/1000/.mutter-Xwaylandauth.EO3MR2'), ('LS_COLORS', 'rs=0:di=01;34:ln=01;36:mh=00:pi=40;33:so=01;35:do=01;35:bd=40;33;01:cd=40;33;01:or=40;31;01:mi=00:su=37;41:sg=30;43:ca=30;41:tw=30;42:ow=34;42:st=37;44:ex=01;32:*.tar=01;31:*.tgz=01;31:*.arc=01;31:*.arj=01;31:*.taz=01;31:*.lha=01;31:*.lz4=01;31:*.lzh=01;31:*.lzma=01;31:*.tlz=01;31:*.txz=01;31:*.tzo=01;31:*.t7z=01;31:*.zip=01;31:*.z=01;31:*.dz=01;31:*.gz=01;31:*.lrz=01;31:*.lz=01;31:*.lzo=01;31:*.xz=01;31:*.zst=01;31:*.tzst=01;31:*.bz2=01;31:*.bz=01;31:*.tbz=01;31:*.tbz2=01;31:*.tz=01;31:*.deb=01;31:*.rpm=01;31:*.jar=01;31:*.war=01;31:*.ear=01;31:*.sar=01;31:*.rar=01;31:*.alz=01;31:*.ace=01;31:*.zoo=01;31:*.cpio=01;31:*.7z=01;31:*.rz=01;31:*.cab=01;31:*.wim=01;31:*.swm=01;31:*.dwm=01;31:*.esd=01;31:*.jpg=01;35:*.jpeg=01;35:*.mjpg=01;35:*.mjpeg=01;35:*.gif=01;35:*.bmp=01;35:*.pbm=01;35:*.pgm=01;35:*.ppm=01;35:*.tga=01;35:*.xbm=01;35:*.xpm=01;35:*.tif=01;35:*.tiff=01;35:*.png=01;35:*.svg=01;35:*.svgz=01;35:*.mng=01;35:*.pcx=01;35:*.mov=01;35:*.mpg=01;35:*.mpeg=01;35:*.m2v=01;35:*.mkv=01;35:*.webm=01;35:*.webp=01;35:*.ogm=01;35:*.mp4=01;35:*.m4v=01;35:*.mp4v=01;35:*.vob=01;35:*.qt=01;35:*.nuv=01;35:*.wmv=01;35:*.asf=01;35:*.rm=01;35:*.rmvb=01;35:*.flc=01;35:*.avi=01;35:*.fli=01;35:*.flv=01;35:*.gl=01;35:*.dl=01;35:*.xcf=01;35:*.xwd=01;35:*.yuv=01;35:*.cgm=01;35:*.emf=01;35:*.ogv=01;35:*.ogx=01;35:*.aac=00;36:*.au=00;36:*.flac=00;36:*.m4a=00;36:*.mid=00;36:*.midi=00;36:*.mka=00;36:*.mp3=00;36:*.mpc=00;36:*.ogg=00;36:*.ra=00;36:*.wav=00;36:*.oga=00;36:*.opus=00;36:*.spx=00;36:*.xspf=00;36:'), ('VSCODE_GIT_IPC_HANDLE', '/run/user/1000/vscode-git-a1a2f13dca.sock'), ('GNOME_TERMINAL_SERVICE', ':1.130'), ('TERM_PROGRAM', 'vscode'), ('SSH_AGENT_LAUNCHER', 'gnome-keyring'), ('SSH_AUTH_SOCK', '/run/user/1000/keyring/ssh'), ('AMENT_PREFIX_PATH', '/home/sunny/ros2_ws/install/cpp_srvcli:/home/sunny/ros2_ws/install/cpp_pubsub:/home/sunny/ros2_ws/install/tutorial_interfaces:/home/sunny/ros2_ws/install/turtlesim:/home/sunny/ros2_ws/install/py_proj:/home/sunny/ros2_ws/install/polygon_plugins:/home/sunny/ros2_ws/install/polygon_base:/home/sunny/ros2_ws/install/my_package:/home/sunny/ros2_ws/install/more_interfaces:/home/sunny/ros2_ws/install/custom_interfaces:/home/sunny/ros2_ws/install/cpp_proj:/home/sunny/ros2_ws/install/cpp_parameters:/opt/ros/humble'), ('ORIGINAL_XDG_CURRENT_DESKTOP', 'ubuntu:GNOME'), ('SHELL', '/bin/bash'), ('LC_NAME', 'ko_KR.UTF-8'), ('QT_ACCESSIBILITY', '1'), ('GDMSESSION', 'ubuntu'), ('LESSCLOSE', '/usr/bin/lesspipe %s %s'), ('LC_MEASUREMENT', 'ko_KR.UTF-8'), ('LC_IDENTIFICATION', 'ko_KR.UTF-8'), ('VSCODE_GIT_ASKPASS_EXTRA_ARGS', ''), ('QT_IM_MODULE', 'ibus'), ('PWD', '/home/sunny/ros2_ws/build/cpp_parsing'), ('XDG_CONFIG_DIRS', '/etc/xdg/xdg-ubuntu:/etc/xdg'), ('XDG_DATA_DIRS', '/usr/share/ubuntu:/usr/local/share/:/usr/share/:/var/lib/snapd/desktop'), ('PYTHONPATH', '/home/sunny/ros2_ws/install/tutorial_interfaces/local/lib/python3.10/dist-packages:/home/sunny/ros2_ws/install/turtlesim/local/lib/python3.10/dist-packages:/home/sunny/ros2_ws/install/py_proj/lib/python3.10/site-packages:/home/sunny/ros2_ws/install/more_interfaces/local/lib/python3.10/dist-packages:/home/sunny/ros2_ws/install/custom_interfaces/local/lib/python3.10/dist-packages:/opt/ros/humble/lib/python3.10/site-packages:/opt/ros/humble/local/lib/python3.10/dist-packages'), ('LC_NUMERIC', 'ko_KR.UTF-8'), ('LC_PAPER', 'ko_KR.UTF-8'), ('COLCON', '1'), ('VTE_VERSION', '6800'), ('CMAKE_PREFIX_PATH', '/home/sunny/ros2_ws/install/custom_interfaces:/home/sunny/ros2_ws/install/cpp_srvcli:/home/sunny/ros2_ws/install/cpp_pubsub:/home/sunny/ros2_ws/install/tutorial_interfaces:/home/sunny/ros2_ws/install/turtlesim:/home/sunny/ros2_ws/install/polygon_plugins:/home/sunny/ros2_ws/install/polygon_base:/home/sunny/ros2_ws/install/my_package:/home/sunny/ros2_ws/install/more_interfaces:/home/sunny/ros2_ws/install/cpp_proj:/home/sunny/ros2_ws/install/cpp_parameters')]), 'shell': False}
[0.038971] (cpp_parsing) StdoutLine: {'line': b'-- Found ament_cmake: 1.3.9 (/opt/ros/humble/share/ament_cmake/cmake)\n'}
[0.099353] (-) TimerEvent: {}
[0.141203] (cpp_parsing) StdoutLine: {'line': b'-- Found rclcpp: 16.0.9 (/opt/ros/humble/share/rclcpp/cmake)\n'}
[0.164662] (cpp_parsing) StdoutLine: {'line': b'-- Found rosidl_generator_c: 3.1.5 (/opt/ros/humble/share/rosidl_generator_c/cmake)\n'}
[0.166552] (cpp_parsing) StdoutLine: {'line': b'-- Found rosidl_adapter: 3.1.5 (/opt/ros/humble/share/rosidl_adapter/cmake)\n'}
[0.171233] (cpp_parsing) StdoutLine: {'line': b'-- Found rosidl_generator_cpp: 3.1.5 (/opt/ros/humble/share/rosidl_generator_cpp/cmake)\n'}
[0.179616] (cpp_parsing) StdoutLine: {'line': b'-- Using all available rosidl_typesupport_c: rosidl_typesupport_fastrtps_c;rosidl_typesupport_introspection_c\n'}
[0.191318] (cpp_parsing) StdoutLine: {'line': b'-- Using all available rosidl_typesupport_cpp: rosidl_typesupport_fastrtps_cpp;rosidl_typesupport_introspection_cpp\n'}
[0.199436] (-) TimerEvent: {}
[0.235832] (cpp_parsing) StdoutLine: {'line': b'-- Found rmw_implementation_cmake: 6.1.2 (/opt/ros/humble/share/rmw_implementation_cmake/cmake)\n'}
[0.237044] (cpp_parsing) StdoutLine: {'line': b'-- Found rmw_fastrtps_cpp: 6.2.6 (/opt/ros/humble/share/rmw_fastrtps_cpp/cmake)\n'}
[0.299580] (-) TimerEvent: {}
[0.343768] (cpp_parsing) StdoutLine: {'line': b"-- Using RMW implementation 'rmw_fastrtps_cpp' as default\n"}
[0.399797] (-) TimerEvent: {}
[0.461187] (cpp_parsing) StdoutLine: {'line': b'-- Found custom_interfaces: 0.0.0 (/home/sunny/ros2_ws/install/custom_interfaces/share/custom_interfaces/cmake)\n'}
[0.499882] (-) TimerEvent: {}
[0.515977] (cpp_parsing) StderrLine: {'line': b"Error parsing '/home/sunny/ros2_ws/src/cpp_parsing/package.xml':\n"}
[0.552916] (cpp_parsing) StderrLine: {'line': b'Traceback (most recent call last):\n'}
[0.553121] (cpp_parsing) StderrLine: {'line': b'  File "/usr/lib/python3/dist-packages/catkin_pkg/package.py", line 610, in parse_package_string\n'}
[0.554670] (cpp_parsing) StderrLine: {'line': b'    root = dom.parseString(data)\n'}
[0.554753] (cpp_parsing) StderrLine: {'line': b'  File "/usr/lib/python3.10/xml/dom/minidom.py", line 2000, in parseString\n'}
[0.555606] (cpp_parsing) StderrLine: {'line': b'    return expatbuilder.parseString(string)\n'}
[0.555690] (cpp_parsing) StderrLine: {'line': b'  File "/usr/lib/python3.10/xml/dom/expatbuilder.py", line 925, in parseString\n'}
[0.556133] (cpp_parsing) StderrLine: {'line': b'    return builder.parseString(string)\n'}
[0.556274] (cpp_parsing) StderrLine: {'line': b'  File "/usr/lib/python3.10/xml/dom/expatbuilder.py", line 223, in parseString\n'}
[0.556431] (cpp_parsing) StderrLine: {'line': b'    parser.Parse(string, True)\n'}
[0.556519] (cpp_parsing) StderrLine: {'line': b'xml.parsers.expat.ExpatError: mismatched tag: line 18, column 2\n'}
[0.556591] (cpp_parsing) StderrLine: {'line': b'\n'}
[0.556657] (cpp_parsing) StderrLine: {'line': b'During handling of the above exception, another exception occurred:\n'}
[0.556724] (cpp_parsing) StderrLine: {'line': b'\n'}
[0.556789] (cpp_parsing) StderrLine: {'line': b'Traceback (most recent call last):\n'}
[0.556855] (cpp_parsing) StderrLine: {'line': b'  File "/opt/ros/humble/share/ament_cmake_core/cmake/core/package_xml_2_cmake.py", line 150, in <module>\n'}
[0.556921] (cpp_parsing) StderrLine: {'line': b'    main()\n'}
[0.556984] (cpp_parsing) StderrLine: {'line': b'  File "/opt/ros/humble/share/ament_cmake_core/cmake/core/package_xml_2_cmake.py", line 53, in main\n'}
[0.557043] (cpp_parsing) StderrLine: {'line': b'    raise e\n'}
[0.557117] (cpp_parsing) StderrLine: {'line': b'  File "/opt/ros/humble/share/ament_cmake_core/cmake/core/package_xml_2_cmake.py", line 49, in main\n'}
[0.557171] (cpp_parsing) StderrLine: {'line': b'    package = parse_package_string(\n'}
[0.557222] (cpp_parsing) StderrLine: {'line': b'  File "/usr/lib/python3/dist-packages/catkin_pkg/package.py", line 612, in parse_package_string\n'}
[0.557274] (cpp_parsing) StderrLine: {'line': b"    raise InvalidPackage('The manifest contains invalid XML:\\n%s' % ex, filename)\n"}
[0.557325] (cpp_parsing) StderrLine: {'line': b"catkin_pkg.package.InvalidPackage: Error(s) in package '/home/sunny/ros2_ws/src/cpp_parsing/package.xml':\n"}
[0.557376] (cpp_parsing) StderrLine: {'line': b'The manifest contains invalid XML:\n'}
[0.557427] (cpp_parsing) StderrLine: {'line': b'mismatched tag: line 18, column 2\n'}
[0.568278] (cpp_parsing) StderrLine: {'line': b'\x1b[31mCMake Error at /opt/ros/humble/share/ament_cmake_core/cmake/core/ament_package_xml.cmake:95 (message):\n'}
[0.568516] (cpp_parsing) StderrLine: {'line': b'  execute_process(/usr/bin/python3\n'}
[0.568701] (cpp_parsing) StderrLine: {'line': b'  /opt/ros/humble/share/ament_cmake_core/cmake/core/package_xml_2_cmake.py\n'}
[0.568821] (cpp_parsing) StderrLine: {'line': b'  /home/sunny/ros2_ws/src/cpp_parsing/package.xml\n'}
[0.568924] (cpp_parsing) StderrLine: {'line': b'  /home/sunny/ros2_ws/build/cpp_parsing/ament_cmake_core/package.cmake)\n'}
[0.569029] (cpp_parsing) StderrLine: {'line': b'  returned error code 1\n'}
[0.569112] (cpp_parsing) StderrLine: {'line': b'Call Stack (most recent call first):\n'}
[0.569189] (cpp_parsing) StderrLine: {'line': b'  /opt/ros/humble/share/ament_cmake_core/cmake/core/ament_package_xml.cmake:49 (_ament_package_xml)\n'}
[0.569283] (cpp_parsing) StderrLine: {'line': b'  /opt/ros/humble/share/ament_cmake_core/cmake/core/ament_package.cmake:63 (ament_package_xml)\n'}
[0.569380] (cpp_parsing) StderrLine: {'line': b'  CMakeLists.txt:29 (ament_package)\n'}
[0.569455] (cpp_parsing) StderrLine: {'line': b'\n'}
[0.569527] (cpp_parsing) StderrLine: {'line': b'\x1b[0m\n'}
[0.569598] (cpp_parsing) StdoutLine: {'line': b'-- Configuring incomplete, errors occurred!\n'}
[0.569680] (cpp_parsing) StdoutLine: {'line': b'See also "/home/sunny/ros2_ws/build/cpp_parsing/CMakeFiles/CMakeOutput.log".\n'}
[0.575744] (cpp_parsing) StderrLine: {'line': b'gmake: *** [Makefile:308: cmake_check_build_system] Error 1\n'}
[0.577956] (cpp_parsing) CommandEnded: {'returncode': 2}
[0.578313] (cpp_parsing) JobEnded: {'identifier': 'cpp_parsing', 'rc': 2}
[0.588485] (-) EventReactorShutdown: {}
